/Users/fi-it/Documents/projects/MessMate/.venv/lib/python3.9/site-packages/google/auth/__init__.py:54: FutureWarning: You are using a Python version 3.9 past its end of life. Google will update google-auth with critical bug fixes on a best-effort basis, but not with any other fixes or features. Please upgrade your Python version, and then update google-auth.
  warnings.warn(eol_message.format("3.9"), FutureWarning)
/Users/fi-it/Documents/projects/MessMate/.venv/lib/python3.9/site-packages/google/oauth2/__init__.py:40: FutureWarning: You are using a Python version 3.9 past its end of life. Google will update google-auth with critical bug fixes on a best-effort basis, but not with any other fixes or features. Please upgrade your Python version, and then update google-auth.
  warnings.warn(eol_message.format("3.9"), FutureWarning)
/Users/fi-it/Documents/projects/MessMate/.venv/lib/python3.9/site-packages/urllib3/__init__.py:35: NotOpenSSLWarning: urllib3 v2 only supports OpenSSL 1.1.1+, currently the 'ssl' module is compiled with 'LibreSSL 2.8.3'. See: https://github.com/urllib3/urllib3/issues/3020
  warnings.warn(
 * Serving Flask app 'app'
 * Debug mode: on
[31m[1mWARNING: This is a development server. Do not use it in a production deployment. Use a production WSGI server instead.[0m
 * Running on http://127.0.0.1:5000
[33mPress CTRL+C to quit[0m
 * Restarting with stat
/Users/fi-it/Documents/projects/MessMate/.venv/lib/python3.9/site-packages/google/auth/__init__.py:54: FutureWarning: You are using a Python version 3.9 past its end of life. Google will update google-auth with critical bug fixes on a best-effort basis, but not with any other fixes or features. Please upgrade your Python version, and then update google-auth.
  warnings.warn(eol_message.format("3.9"), FutureWarning)
/Users/fi-it/Documents/projects/MessMate/.venv/lib/python3.9/site-packages/google/oauth2/__init__.py:40: FutureWarning: You are using a Python version 3.9 past its end of life. Google will update google-auth with critical bug fixes on a best-effort basis, but not with any other fixes or features. Please upgrade your Python version, and then update google-auth.
  warnings.warn(eol_message.format("3.9"), FutureWarning)
/Users/fi-it/Documents/projects/MessMate/.venv/lib/python3.9/site-packages/urllib3/__init__.py:35: NotOpenSSLWarning: urllib3 v2 only supports OpenSSL 1.1.1+, currently the 'ssl' module is compiled with 'LibreSSL 2.8.3'. See: https://github.com/urllib3/urllib3/issues/3020
  warnings.warn(
 * Debugger is active!
 * Debugger PIN: 142-913-302
127.0.0.1 - - [19/Apr/2026 14:14:59] "GET / HTTP/1.1" 200 -
127.0.0.1 - - [19/Apr/2026 14:14:59] "GET /static/style.css HTTP/1.1" 200 -
127.0.0.1 - - [19/Apr/2026 14:14:59] "[33mGET /favicon.ico HTTP/1.1[0m" 404 -
127.0.0.1 - - [19/Apr/2026 14:15:51] "[32mPOST /submit HTTP/1.1[0m" 302 -
127.0.0.1 - - [19/Apr/2026 14:15:51] "GET /thanks HTTP/1.1" 200 -
127.0.0.1 - - [19/Apr/2026 14:15:51] "[36mGET /static/style.css HTTP/1.1[0m" 304 -
127.0.0.1 - - [19/Apr/2026 14:16:01] "GET /dashboard?token=vc2026 HTTP/1.1" 200 -
127.0.0.1 - - [19/Apr/2026 14:16:01] "[36mGET /static/style.css HTTP/1.1[0m" 304 -
127.0.0.1 - - [19/Apr/2026 14:16:01] "GET /static/dashboard.js HTTP/1.1" 200 -
127.0.0.1 - - [19/Apr/2026 14:16:59] "GET /debug/sheets HTTP/1.1" 200 -
 * Detected change in '/Users/fi-it/Documents/projects/MessMate/app.py', reloading
Daily summary update result: True
 * Restarting with stat
/Users/fi-it/Documents/projects/MessMate/.venv/lib/python3.9/site-packages/google/auth/__init__.py:54: FutureWarning: You are using a Python version 3.9 past its end of life. Google will update google-auth with critical bug fixes on a best-effort basis, but not with any other fixes or features. Please upgrade your Python version, and then update google-auth.
  warnings.warn(eol_message.format("3.9"), FutureWarning)
/Users/fi-it/Documents/projects/MessMate/.venv/lib/python3.9/site-packages/google/oauth2/__init__.py:40: FutureWarning: You are using a Python version 3.9 past its end of life. Google will update google-auth with critical bug fixes on a best-effort basis, but not with any other fixes or features. Please upgrade your Python version, and then update google-auth.
  warnings.warn(eol_message.format("3.9"), FutureWarning)
/Users/fi-it/Documents/projects/MessMate/.venv/lib/python3.9/site-packages/urllib3/__init__.py:35: NotOpenSSLWarning: urllib3 v2 only supports OpenSSL 1.1.1+, currently the 'ssl' module is compiled with 'LibreSSL 2.8.3'. See: https://github.com/urllib3/urllib3/issues/3020
  warnings.warn(
 * Debugger is active!
 * Debugger PIN: 142-913-302
Daily summary update result: True
127.0.0.1 - - [19/Apr/2026 14:18:39] "[32mPOST /submit HTTP/1.1[0m" 302 -
 * Detected change in '/Users/fi-it/Documents/projects/MessMate/app.py', reloading
 * Restarting with stat
/Users/fi-it/Documents/projects/MessMate/.venv/lib/python3.9/site-packages/google/auth/__init__.py:54: FutureWarning: You are using a Python version 3.9 past its end of life. Google will update google-auth with critical bug fixes on a best-effort basis, but not with any other fixes or features. Please upgrade your Python version, and then update google-auth.
  warnings.warn(eol_message.format("3.9"), FutureWarning)
/Users/fi-it/Documents/projects/MessMate/.venv/lib/python3.9/site-packages/google/oauth2/__init__.py:40: FutureWarning: You are using a Python version 3.9 past its end of life. Google will update google-auth with critical bug fixes on a best-effort basis, but not with any other fixes or features. Please upgrade your Python version, and then update google-auth.
  warnings.warn(eol_message.format("3.9"), FutureWarning)
/Users/fi-it/Documents/projects/MessMate/.venv/lib/python3.9/site-packages/urllib3/__init__.py:35: NotOpenSSLWarning: urllib3 v2 only supports OpenSSL 1.1.1+, currently the 'ssl' module is compiled with 'LibreSSL 2.8.3'. See: https://github.com/urllib3/urllib3/issues/3020
  warnings.warn(
 * Debugger is active!
 * Debugger PIN: 142-913-302
 * Detected change in '/Users/fi-it/Documents/projects/MessMate/seed_data.py', reloading
 * Restarting with stat
/Users/fi-it/Documents/projects/MessMate/.venv/lib/python3.9/site-packages/google/auth/__init__.py:54: FutureWarning: You are using a Python version 3.9 past its end of life. Google will update google-auth with critical bug fixes on a best-effort basis, but not with any other fixes or features. Please upgrade your Python version, and then update google-auth.
  warnings.warn(eol_message.format("3.9"), FutureWarning)
/Users/fi-it/Documents/projects/MessMate/.venv/lib/python3.9/site-packages/google/oauth2/__init__.py:40: FutureWarning: You are using a Python version 3.9 past its end of life. Google will update google-auth with critical bug fixes on a best-effort basis, but not with any other fixes or features. Please upgrade your Python version, and then update google-auth.
  warnings.warn(eol_message.format("3.9"), FutureWarning)
/Users/fi-it/Documents/projects/MessMate/.venv/lib/python3.9/site-packages/urllib3/__init__.py:35: NotOpenSSLWarning: urllib3 v2 only supports OpenSSL 1.1.1+, currently the 'ssl' module is compiled with 'LibreSSL 2.8.3'. See: https://github.com/urllib3/urllib3/issues/3020
  warnings.warn(
 * Debugger is active!
 * Debugger PIN: 142-913-302
